[23:49:23] [main/INFO] (FabricLoader/GameProvider) Loading Minecraft 1.20.1 with Fabric Loader 0.14.21
[23:49:23] [main/INFO] (FabricLoader) Loading 51 mods:
	- cardinal-components-base 5.2.2
	- cardinal-components-entity 5.2.2
	- com_github_llamalad7_mixinextras 0.2.0-rc.3
	- fabric-api 0.83.1+1.20.1
	- fabric-api-base 0.4.29+b04edc7a82
	- fabric-api-lookup-api-v1 1.6.34+4d8536c982
	- fabric-biome-api-v1 13.0.10+b3afc78b82
	- fabric-block-api-v1 1.0.9+e022e5d182
	- fabric-blockrenderlayer-v1 1.1.39+b3afc78b82
	- fabric-client-tags-api-v1 1.0.20+b3afc78b82
	- fabric-command-api-v2 2.2.11+b3afc78b82
	- fabric-content-registries-v0 4.0.7+b3afc78b82
	- fabric-convention-tags-v1 1.5.3+b3afc78b82
	- fabric-crash-report-info-v1 0.2.18+aeb40ebe82
	- fabric-data-generation-api-v1 12.1.11+b3afc78b77
	- fabric-dimensions-v1 2.1.51+b3afc78b82
	- fabric-entity-events-v1 1.5.21+b3afc78b82
	- fabric-events-interaction-v0 0.6.0+b3afc78b82
	- fabric-game-rule-api-v1 1.0.38+b04edc7a82
	- fabric-gametest-api-v1 1.2.10+b3afc78b82
	- fabric-item-api-v1 2.1.26+b3afc78b82
	- fabric-item-group-api-v1 4.0.7+b3afc78b82
	- fabric-key-binding-api-v1 1.0.36+fb8d95da82
	- fabric-lifecycle-events-v1 2.2.20+b3afc78b82
	- fabric-loot-api-v2 1.1.37+b3afc78b82
	- fabric-message-api-v1 5.1.6+b3afc78b82
	- fabric-mining-level-api-v1 2.1.47+b3afc78b82
	- fabric-models-v0 0.3.35+b3afc78b82
	- fabric-networking-api-v1 1.3.8+b3afc78b82
	- fabric-object-builder-api-v1 11.0.6+b3afc78b82
	- fabric-particles-v1 1.0.28+b3afc78b82
	- fabric-recipe-api-v1 1.0.18+b3afc78b82
	- fabric-registry-sync-v0 2.2.6+b3afc78b82
	- fabric-renderer-api-v1 3.0.1+b3afc78b82
	- fabric-renderer-indigo 1.3.1+b3afc78b82
	- fabric-rendering-data-attachment-v1 0.3.33+b3afc78b82
	- fabric-rendering-fluids-v1 3.0.26+b3afc78b82
	- fabric-rendering-v1 3.0.6+b3afc78b82
	- fabric-resource-conditions-api-v1 2.3.5+ea08f9d877
	- fabric-resource-loader-v0 0.11.7+f7923f6d82
	- fabric-screen-api-v1 2.0.6+b3afc78b82
	- fabric-screen-handler-api-v1 1.3.27+b3afc78b82
	- fabric-sound-api-v1 1.0.12+b3afc78b82
	- fabric-transfer-api-v1 3.2.2+b3afc78b82
	- fabric-transitive-access-wideners-v1 4.2.0+b3afc78b82
	- fabricloader 0.14.21
	- forgeconfigapiport 8.0.0
	- java 17
	- minecraft 1.20.1
	- regutils-common 1.20.1-1.0.0
	- wearablebackpacks 1.1.0
[23:49:24] [main/INFO] (FabricLoader/Mixin) SpongePowered MIXIN Subsystem Version=0.8.5 Source=file:/C:/Users/kinar/.gradle/caches/modules-2/files-2.1/net.fabricmc/sponge-mixin/0.12.5+mixin.0.8.5/8d31fb97c3e0cd7c8dad3441851c523bcfae6d8e/sponge-mixin-0.12.5+mixin.0.8.5.jar Service=Knot/Fabric Env=CLIENT
[23:49:24] [main/INFO] (FabricLoader/Mixin) Loaded Fabric development mappings for mixin remapper!
[23:49:24] [main/INFO] (FabricLoader/Mixin) Compatibility level set to JAVA_16
[23:49:24] [main/INFO] (FabricLoader/Mixin) Compatibility level set to JAVA_17
[23:49:25] [main/INFO] (FabricLoader/MixinExtras|Service) Initializing MixinExtras via com.llamalad7.mixinextras.service.MixinExtrasServiceImpl(version=0.2.0-rc.3).
[23:49:30] [Datafixer Bootstrap/INFO] (Minecraft) 188 Datafixer optimizations took 120 milliseconds
[23:49:32] [Render thread/INFO] (Minecraft) Environment: authHost='https://authserver.mojang.com', accountsHost='https://api.mojang.com', sessionHost='https://sessionserver.mojang.com', servicesHost='https://api.minecraftservices.com', name='PROD'
[23:49:33] [Render thread/ERROR] (Minecraft) Failed to verify authentication
com.mojang.authlib.exceptions.InvalidCredentialsException: Status: 401
	at com.mojang.authlib.exceptions.MinecraftClientHttpException.toAuthenticationException(MinecraftClientHttpException.java:56) ~[authlib-4.0.43.jar:?]
	at com.mojang.authlib.yggdrasil.YggdrasilUserApiService.fetchProperties(YggdrasilUserApiService.java:156) ~[authlib-4.0.43.jar:?]
	at com.mojang.authlib.yggdrasil.YggdrasilUserApiService.<init>(YggdrasilUserApiService.java:55) ~[authlib-4.0.43.jar:?]
	at com.mojang.authlib.yggdrasil.YggdrasilAuthenticationService.createUserApiService(YggdrasilAuthenticationService.java:124) ~[authlib-4.0.43.jar:?]
	at net.minecraft.client.Minecraft.createUserApiService(Minecraft.java:733) ~[minecraft-project-@Fabric-merged-named.jar:?]
	at net.minecraft.client.Minecraft.<init>(Minecraft.java:442) ~[minecraft-project-@Fabric-merged-named.jar:?]
	at net.minecraft.client.main.Main.main(Main.java:211) ~[minecraft-project-@Fabric-merged-named.jar:?]
	at net.fabricmc.loader.impl.game.minecraft.MinecraftGameProvider.launch(MinecraftGameProvider.java:468) ~[fabric-loader-0.14.21.jar:?]
	at net.fabricmc.loader.impl.launch.knot.Knot.launch(Knot.java:74) ~[fabric-loader-0.14.21.jar:?]
	at net.fabricmc.loader.impl.launch.knot.KnotClient.main(KnotClient.java:23) ~[fabric-loader-0.14.21.jar:?]
	at net.fabricmc.devlaunchinjector.Main.main(Main.java:86) ~[dev-launch-injector-0.2.1+build.8.jar:?]
Caused by: com.mojang.authlib.exceptions.MinecraftClientHttpException: Status: 401
	at com.mojang.authlib.minecraft.client.MinecraftClient.readInputStream(MinecraftClient.java:85) ~[authlib-4.0.43.jar:?]
	at com.mojang.authlib.minecraft.client.MinecraftClient.get(MinecraftClient.java:48) ~[authlib-4.0.43.jar:?]
	at com.mojang.authlib.yggdrasil.YggdrasilUserApiService.fetchProperties(YggdrasilUserApiService.java:129) ~[authlib-4.0.43.jar:?]
	... 9 more
[23:49:33] [Render thread/INFO] (Minecraft) Setting user: Player446
[23:49:33] [Render thread/WARN] (Forge Config API Port) Configuration file D:\MinecraftModding\WearableBackpacksResurrected\Fabric\client\config\wearablebackpacks-common.toml is not correct. Correcting
[23:49:33] [Render thread/WARN] (Forge Config API Port) Incorrect key canEquipFromInventory was corrected from null to its default, false. 
[23:49:33] [Render thread/WARN] (Forge Config API Port) Incorrect key autoAddToBag was corrected from null to its default, false. 
[23:49:33] [Render thread/WARN] (Forge Config API Port) Incorrect key bundleAdd was corrected from null to its default, false. 
[23:49:33] [Render thread/WARN] (Forge Config API Port) Incorrect key inventoryToolTip was corrected from null to its default, false. 
[23:49:33] [Render thread/WARN] (Forge Config API Port) Incorrect key backpackDefenseLevel was corrected from null to its default, 2. 
[23:49:33] [Render thread/WARN] (Forge Config API Port) Incorrect key entityBackpackChance was corrected from null to its default, 10. 
[23:49:33] [Render thread/WARN] (Forge Config API Port) Incorrect key backpackDurability was corrected from null to its default, 80. 
[23:49:33] [Render thread/WARN] (Forge Config API Port) Incorrect key canOpenWhileEquipped was corrected from null to its default, false. 
[23:49:33] [Render thread/WARN] (Forge Config API Port) Incorrect key canEnchantBackpack was corrected from null to its default, true. 
[23:49:33] [Render thread/WARN] (Forge Config API Port) Incorrect key canOpenWithHand was corrected from null to its default, false. 
[23:49:33] [Render thread/WARN] (Forge Config API Port) Incorrect key canOpenOthers was corrected from null to its default, false. 
[23:49:33] [Render thread/WARN] (Forge Config API Port) Incorrect key rows was corrected from null to its default, 4. 
[23:49:33] [Render thread/WARN] (Forge Config API Port) Incorrect key columns was corrected from null to its default, 9. 
[23:49:33] [Render thread/WARN] (Forge Config API Port) Incorrect key useChestSlot was corrected from null to its default, true. 
[23:49:33] [Render thread/INFO] (Indigo) [Indigo] Registering Indigo renderer!
[23:49:33] [Render thread/INFO] (Minecraft) Backend library: LWJGL version 3.3.1 SNAPSHOT
[23:49:35] [Render thread/INFO] (Minecraft) Reloading ResourceManager: vanilla, fabric (fabric-convention-tags-v1, fabric-command-api-v2, fabric-client-tags-api-v1, fabric-api-lookup-api-v1, fabric-networking-api-v1, fabric-biome-api-v1, fabric-key-binding-api-v1, fabric-screen-handler-api-v1, fabric-dimensions-v1, fabric-api, fabric-blockrenderlayer-v1, fabric-sound-api-v1, fabric-entity-events-v1, fabric-item-group-api-v1, fabric-rendering-v1, fabric-resource-loader-v0, fabric-recipe-api-v1, fabric-transfer-api-v1, forgeconfigapiport, fabric-api-base, fabric-events-interaction-v0, cardinal-components-entity, fabric-particles-v1, fabric-loot-api-v2, fabric-mining-level-api-v1, fabric-screen-api-v1, fabricloader, fabric-gametest-api-v1, fabric-data-generation-api-v1, fabric-content-registries-v0, fabric-block-api-v1, fabric-object-builder-api-v1, fabric-transitive-access-wideners-v1, fabric-message-api-v1, fabric-lifecycle-events-v1, fabric-item-api-v1, fabric-models-v0, fabric-game-rule-api-v1, fabric-registry-sync-v0, fabric-rendering-data-attachment-v1, fabric-renderer-api-v1, fabric-renderer-indigo, fabric-crash-report-info-v1, cardinal-components-base, fabric-resource-conditions-api-v1, fabric-rendering-fluids-v1, wearablebackpacks)
[23:49:35] [Worker-Main-4/INFO] (Minecraft) Found unifont_all_no_pua-15.0.06.hex, loading
[23:49:35] [Render thread/INFO] (Nyf's Wearable Backpacks) This line is printed by an example mod mixin from Fabric!
[23:49:35] [Render thread/INFO] (Nyf's Wearable Backpacks) MC Version: Fabric
[23:49:35] [Render thread/INFO] (Nyf's Wearable Backpacks) Classloader: net.fabricmc.loader.impl.launch.knot.KnotClassLoader@2a40cd94
[23:49:35] [Realms Notification Availability checker #1/INFO] (Minecraft) Could not authorize you against Realms server: Invalid session id
[23:49:36] [Render thread/WARN] (Minecraft) Missing sound for event: minecraft:item.goat_horn.play
[23:49:36] [Render thread/WARN] (Minecraft) Missing sound for event: minecraft:entity.goat.screaming.horn_break
[23:49:36] [Render thread/INFO] (Minecraft) OpenAL initialized on device OpenAL Soft on Speakers (Razer Leviathan V2 X)
[23:49:36] [Render thread/INFO] (Minecraft) Sound engine started
[23:49:36] [Render thread/INFO] (Minecraft) Created: 1024x512x4 minecraft:textures/atlas/blocks.png-atlas
[23:49:36] [Render thread/INFO] (Minecraft) Created: 256x256x4 minecraft:textures/atlas/signs.png-atlas
[23:49:36] [Render thread/INFO] (Minecraft) Created: 512x512x4 minecraft:textures/atlas/banner_patterns.png-atlas
[23:49:36] [Render thread/INFO] (Minecraft) Created: 512x512x4 minecraft:textures/atlas/shield_patterns.png-atlas
[23:49:36] [Render thread/INFO] (Minecraft) Created: 1024x1024x4 minecraft:textures/atlas/armor_trims.png-atlas
[23:49:36] [Render thread/INFO] (Minecraft) Created: 256x256x4 minecraft:textures/atlas/chest.png-atlas
[23:49:36] [Render thread/INFO] (Minecraft) Created: 128x64x4 minecraft:textures/atlas/decorated_pot.png-atlas
[23:49:36] [Render thread/INFO] (Minecraft) Created: 512x256x4 minecraft:textures/atlas/beds.png-atlas
[23:49:36] [Render thread/INFO] (Minecraft) Created: 512x256x4 minecraft:textures/atlas/shulker_boxes.png-atlas
[23:49:37] [Render thread/WARN] (Minecraft) Shader rendertype_entity_translucent_emissive could not find sampler named Sampler2 in the specified shader program.
[23:49:37] [Render thread/INFO] (Minecraft) Created: 256x256x0 minecraft:textures/atlas/particles.png-atlas
[23:49:37] [Render thread/INFO] (Minecraft) Created: 256x256x0 minecraft:textures/atlas/paintings.png-atlas
[23:49:37] [Render thread/INFO] (Minecraft) Created: 128x128x0 minecraft:textures/atlas/mob_effects.png-atlas
[23:49:37] [Render thread/INFO] (Nyf's Wearable Backpacks) This line is printed by an example mod mixin from Fabric!
[23:49:37] [Render thread/INFO] (Nyf's Wearable Backpacks) MC Version: Fabric
[23:49:37] [Render thread/INFO] (Nyf's Wearable Backpacks) Classloader: net.fabricmc.loader.impl.launch.knot.KnotClassLoader@2a40cd94
[23:50:00] [Render thread/INFO] (Minecraft) Loaded 7 recipes
[23:50:00] [Render thread/INFO] (Minecraft) Loaded 1272 advancements
[23:50:05] [Render thread/INFO] (BiomeModificationImpl) Applied 0 biome modifications to 0 of 64 new biomes in 1.844 ms
[23:50:05] [Server thread/INFO] (Minecraft) Starting integrated minecraft server version 1.20.1
[23:50:05] [Server thread/INFO] (Minecraft) Generating keypair
[23:50:07] [Server thread/INFO] (Minecraft) Preparing start region for dimension minecraft:overworld
[23:50:08] [Render thread/INFO] (Minecraft) Preparing spawn area: 0%
[23:50:08] [Render thread/INFO] (Minecraft) Preparing spawn area: 0%
[23:50:08] [Render thread/INFO] (Minecraft) Preparing spawn area: 0%
[23:50:08] [Render thread/INFO] (Minecraft) Preparing spawn area: 0%
[23:50:09] [Render thread/INFO] (Minecraft) Preparing spawn area: 2%
[23:50:09] [Render thread/INFO] (Minecraft) Preparing spawn area: 4%
[23:50:10] [Render thread/INFO] (Minecraft) Preparing spawn area: 7%
[23:50:10] [Render thread/INFO] (Minecraft) Preparing spawn area: 10%
[23:50:11] [Render thread/INFO] (Minecraft) Preparing spawn area: 15%
[23:50:11] [Render thread/INFO] (Minecraft) Preparing spawn area: 20%
[23:50:12] [Render thread/INFO] (Minecraft) Preparing spawn area: 24%
[23:50:12] [Render thread/INFO] (Minecraft) Preparing spawn area: 30%
[23:50:13] [Render thread/INFO] (Minecraft) Preparing spawn area: 33%
[23:50:13] [Render thread/INFO] (Minecraft) Preparing spawn area: 35%
[23:50:14] [Render thread/INFO] (Minecraft) Preparing spawn area: 41%
[23:50:14] [Render thread/INFO] (Minecraft) Preparing spawn area: 44%
[23:50:15] [Render thread/INFO] (Minecraft) Preparing spawn area: 48%
[23:50:15] [Render thread/INFO] (Minecraft) Preparing spawn area: 54%
[23:50:16] [Render thread/INFO] (Minecraft) Preparing spawn area: 56%
[23:50:16] [Render thread/INFO] (Minecraft) Preparing spawn area: 60%
[23:50:17] [Render thread/INFO] (Minecraft) Preparing spawn area: 67%
[23:50:17] [Render thread/INFO] (Minecraft) Preparing spawn area: 69%
[23:50:18] [Render thread/INFO] (Minecraft) Preparing spawn area: 75%
[23:50:18] [Render thread/INFO] (Minecraft) Preparing spawn area: 79%
[23:50:19] [Render thread/INFO] (Minecraft) Preparing spawn area: 83%
[23:50:19] [Render thread/INFO] (Minecraft) Preparing spawn area: 88%
[23:50:20] [Render thread/INFO] (Minecraft) Preparing spawn area: 91%
[23:50:20] [Render thread/INFO] (Minecraft) Preparing spawn area: 97%
[23:50:20] [Render thread/INFO] (Minecraft) Time elapsed: 13686 ms
[23:50:21] [Server thread/INFO] (Minecraft) Changing view distance to 12, from 10
[23:50:21] [Server thread/INFO] (Minecraft) Changing simulation distance to 12, from 0
[23:50:22] [Server thread/INFO] (Minecraft) Player446[local:E:a5ef5b14] logged in with entity id 245 at (-9.5, 72.0, 55.5)
[23:50:22] [Server thread/INFO] (Minecraft) Player446 joined the game
[23:50:22] [Render thread/INFO] (Minecraft) Loaded 2 advancements
[23:50:23] [Server thread/INFO] (Minecraft) Saving and pausing game...
[23:50:23] [Server thread/INFO] (Minecraft) Saving chunks for level 'ServerLevel[New World]'/minecraft:overworld
[23:50:24] [Server thread/INFO] (Minecraft) Saving chunks for level 'ServerLevel[New World]'/minecraft:the_nether
[23:50:24] [Server thread/INFO] (Minecraft) Saving chunks for level 'ServerLevel[New World]'/minecraft:the_end
[23:51:34] [Server thread/INFO] (Minecraft) [Player446: Set own game mode to Survival Mode]
[23:51:34] [Render thread/INFO] (Minecraft) [System] [CHAT] Set own game mode to Survival Mode
[23:52:36] [Server thread/INFO] (Minecraft) [Player446: Set own game mode to Creative Mode]
[23:52:36] [Render thread/INFO] (Minecraft) [System] [CHAT] Set own game mode to Creative Mode
[23:52:43] [Render thread/INFO] (Minecraft) Loaded 15 advancements
[23:52:50] [Render thread/INFO] (Minecraft) Loaded 22 advancements
[23:52:56] [Render thread/INFO] (Minecraft) Loaded 26 advancements
[23:53:10] [Render thread/INFO] (Minecraft) Loaded 29 advancements
[23:53:29] [Server thread/INFO] (Minecraft) Saving and pausing game...
[23:53:29] [Server thread/INFO] (Minecraft) Saving chunks for level 'ServerLevel[New World]'/minecraft:overworld
[23:53:29] [Server thread/INFO] (Minecraft) Saving chunks for level 'ServerLevel[New World]'/minecraft:the_nether
[23:53:29] [Server thread/INFO] (Minecraft) Saving chunks for level 'ServerLevel[New World]'/minecraft:the_end
[23:53:30] [Server thread/INFO] (Minecraft) Player446 lost connection: Disconnected
[23:53:30] [Server thread/INFO] (Minecraft) Player446 left the game
[23:53:30] [Server thread/INFO] (Minecraft) Stopping singleplayer server as player logged out
[23:53:30] [Server thread/INFO] (Minecraft) Stopping server
[23:53:30] [Server thread/INFO] (Minecraft) Saving players
[23:53:30] [Server thread/INFO] (Minecraft) Saving worlds
[23:53:30] [Server thread/INFO] (Minecraft) Saving chunks for level 'ServerLevel[New World]'/minecraft:overworld
[23:53:31] [Server thread/INFO] (Minecraft) Saving chunks for level 'ServerLevel[New World]'/minecraft:the_nether
[23:53:31] [Server thread/INFO] (Minecraft) Saving chunks for level 'ServerLevel[New World]'/minecraft:the_end
[23:53:31] [Server thread/INFO] (Minecraft) ThreadedAnvilChunkStorage (New World (1)): All chunks are saved
[23:53:31] [Server thread/INFO] (Minecraft) ThreadedAnvilChunkStorage (DIM-1): All chunks are saved
[23:53:31] [Server thread/INFO] (Minecraft) ThreadedAnvilChunkStorage (DIM1): All chunks are saved
[23:53:31] [Server thread/INFO] (Minecraft) ThreadedAnvilChunkStorage: All dimensions are saved
[23:53:31] [Render thread/INFO] (Nyf's Wearable Backpacks) This line is printed by an example mod mixin from Fabric!
[23:53:31] [Render thread/INFO] (Nyf's Wearable Backpacks) MC Version: Fabric
[23:53:31] [Render thread/INFO] (Nyf's Wearable Backpacks) Classloader: net.fabricmc.loader.impl.launch.knot.KnotClassLoader@2a40cd94
[23:53:32] [Render thread/INFO] (Minecraft) Stopping!
